
  ___  ____  ____  ____  ____ (R)
 /__    /   ____/   /   ____/
___/   /   /___/   /   /___/   16.1   Copyright 1985-2019 StataCorp LLC
  Statistics/Data analysis            StataCorp
                                      4905 Lakeway Drive
     MP - Parallel Edition            College Station, Texas 77845 USA
                                      800-STATA-PC        https://www.stata.com
                                      979-696-4600        stata@stata.com
                                      979-696-4601 (fax)

Stata license: 4-user 32-core network perpetual
Serial number: 501606358866
  Licensed to: Michael Bates
               University of California, Riverside

Notes:
      1. Stata is running in batch mode.
      2. Unicode is supported; see help unicode_advice.
      3. More than 2 billion observations are allowed; see help obs_advice.
      4. Maximum number of variables is set to 5,000; see help set_maxvar.
      5. New update available; type -update all-

. * ch3_t5b_boot.do

. 
. 
. 
. clear all 

. 
. 
. 
. * (1) HPCC cluster, and (2) personal machine: 

. 
. cd "/bigdata/mbateslab/dford013/coding/03_GAS_TAX_HETEROGENEITY_paper"
/bigdata/mbateslab/dford013/coding/03_GAS_TAX_HETEROGENEITY_paper

. 
. *cd "~\coding\03_GAS_TAX_HETEROGENEITY_paper\"

. 
. 
. 
. *****************************************************************************
> ***

. 
. 
. 
. capture log close

. 
. log using "3000_code/SMCL_logs/ch3_t5b_boot", smcl replace
(note: file /bigdata/mbateslab/dford013/coding/03_GAS_TAX_HETEROGENEITY_paper/3
> 000_code/SMCL_logs/ch3_t5b_boot.smcl not found)
-------------------------------------------------------------------------------
      name:  <unnamed>
       log:  /bigdata/mbateslab/dford013/coding/03_GAS_TAX_HETEROGENEITY_paper/
> 3000_code/SMCL_logs/ch3_t5b_boot.smcl
  log type:  smcl
 opened on:  10 Dec 2025, 07:24:01

. 
. 
. 
. * list of predictors for table 

. 
. local predictors = "border_pop_share freq_border_pop_share avg_border_pop_sha
> re med_border_pop_share"

. 
. 
. 
. about 

Stata/MP 16.1 for Unix (Linux 64-bit x86-64)
Revision 11 Oct 2022
Copyright 1985-2019 StataCorp LLC

Total usable memory: 503.86 GB

Stata license: 4-user 32-core network perpetual
Serial number: 501606358866
  Licensed to: Michael Bates
               University of California, Riverside

. 
. 
. 
. * defining local macros 

. 
. local bootnum 500

. 
. local seed = floor(runiform(1,10000))

. 
. 
. 
. * loading working dataset (to merge with temp_all.dta)

. 
. use "2000_data/gas_elasticity_dataset.dta", replace 

. 
. gen statefip = state_fips 

. 
. 
. 
. * dropping old outcomes, will gen new ones in boot

. 
. drop b1_logprice b2_logprice elasticity

. 
. 
. 
. merge 1:m statefip using "pciv/PCIV/Application/EstimationData/temp_all.dta",
>  nogen 
(note: variable state_abbrev was str2, now str13 to accommodate using data's
       values)

    Result                           # of obs.
    -----------------------------------------
    not matched                             0
    matched                            18,360  
    -----------------------------------------

. 
. 
. 
. sort statefip year month 

. 
. *gen obsid = _n

. 
. bysort statefip (year month): gen obsid = _n

. 
. 
. 
. * this step is to expedite the troubleshooting 

. 
. *keep if year>=1990 & year<2000

. 
. 
. 
. save "2000_data/toboot_t5b", replace
(note: file 2000_data/toboot_t5b.dta not found)
file 2000_data/toboot_t5b.dta saved

. 
. 
. 
. xtset, clear 

. 
. timer clear 

. 
. timer on 1

. 
. 
. 
. * dropping and defining program 

. 
. capture program drop ch3_boot, clear 

. 
. program ch3_boot, rclass
  1. 
. 
. 
. preserve 
  2. 
. 
. 
. display "running a bootstrap replication..."
  3. 
. 
. 
. *generate variable for coef =.
. 
. return scalar b_border_pop_share = .
  4. 
. return scalar b_freq_border_pop_share = .
  5. 
. return scalar b_avg_border_pop_share = .
  6. 
. return scalar b_med_border_pop_share = .
  7. 
. 
. 
. 
. 
. *pciv regression
. 
. local i = 1
  8. 
. *forv i =  1/2{
. 
. 
. 
. if `i'==1 {
  9. 
. *++++++++++++++++++++++++++++++++++++++++++++++++++++++++++++++++++++++++++++
> ++;
. 
. dis "Regression without covariates"
 10. 
. *++++++++++++++++++++++++++++++++++++++++++++++++++++++++++++++++++++++++++++
> ++;
. 
. 
. 
. local dcovars_rt ""
 11. 
. local dcovars_miss_rt ""
 12. 
. local  new_covars ""
 13. 
. local  new_covars_miss ""
 14. 
. local  covars ""
 15. 
. local  covars_miss ""
 16. 
. local ivlist dlogtax_rt
 17. 
. local endoglist "dlogprice_rt"
 18. 
. local new_ivlist "new_logtax"
 19. 
. local new_endoglist "new_logprice"
 20. 
. local pc_ivlist "logtax"
 21. 
. local pc_endoglist "logprice"
 22. 
. local options ""
 23. 
. local lincomlist "dlogprice_rt"
 24. 
. local new_lincomlist "new_logprice"
 25. 
. local pc_lincomlist "logprice"
 26. 
. local rf_lincomlist "dlogtax_rt"
 27. 
. local rf_new_lincomlist "new_logtax"
 28. 
. local rf_pc_lincomlist "logtax"
 29. 
. 
. 
. 
. 
. }
 30. 
. 
. 
. 
. 
. ********************************** PCIV *************************************
> ***
. 
. 
. 
. *** first stage ***
. 
. 
. 
. * getting the residuals by regressing x1 and x2 on Z
. 
. 
. 
. 
. 
. foreach exog of varlist `covars' `covars_miss' tm1-tm359 dat {
 31. 
. 
. 
. gen `exog'_x_hat_dem`i'=. 
 32. 
. 
. 
. sum statefip
 33. 
. levelsof statefip, local(levels) 
 34. 
. foreach k of local levels {
 35. 
. reg  `exog' `pc_ivlist' if statefip==`k'
 36. 
. predict `exog'_x_hat_dem`i'_`k', resid
 37. 
. replace `exog'_x_hat_dem`i' = `exog'_x_hat_dem`i'_`k' if statefip==`k'
 38. 
. }
 39. 
. 
. 
. drop `exog'_x_hat_dem`i'_*
 40. 
. }
 41. 
. 
. 
. local m=1
 42. 
. foreach endo of varlist `pc_endoglist' {
 43. 
. gen x_hat_dem`i'_`m'=. 
 44. 
. sum statefip
 45. 
. levelsof statefip, local(levels) 
 46. 
. foreach k of local levels {
 47. 
. reg  `endo' `pc_ivlist' if statefip==`k'
 48. 
. predict x_hat_dem`i'_`m'_`var'_`k', resid
 49. 
. replace x_hat_dem`i'_`m' = x_hat_dem`i'_`m'_`var'_`k' if statefip==`k'
 50. 
. }
 51. 
. 
. 
. drop x_hat_dem`i'_`m'_*
 52. 
. 
. 
. 
. 
. * regress residualized x1 on residualized x2, then obtain x1_tilde = x1 - del
> ta_hat*x2
. 
. reg x_hat_dem`i'_`m' *_x_hat_dem`i'
 53. 
. foreach exog of varlist `covars' `covars_miss' tm1-tm359 dat {
 54. 
. gen x_tilde`i'_`m'_b_`exog'=_b[`exog'_x_hat_dem`i']
 55. 
. }
 56. 
. 
. 
. gen x_tilde`i'_`m' = `endo'
 57. 
. foreach exog of varlist `covars' `covars_miss' tm1-tm359 dat {
 58. 
. replace x_tilde`i'_`m'= x_tilde`i'_`m' - (x_tilde`i'_`m'_b_`exog'*`exog')
 59. 
. }
 60. 
. 
. 
. foreach var of varlist `pc_ivlist' {
 61. 
. gen first_`m'_b`i'_`var'=.
 62. 
. }
 63. 
. gen first_`m'_resid`i'=x_tilde`i'_`m'
 64. 
. 
. 
. * reg x1_tilde on z
. 
. sum statefip
 65. 
. levelsof statefip, local(levels) 
 66. 
. foreach k of local levels {
 67. 
. reg  x_tilde`i'_`m' `pc_ivlist' if statefip==`k'
 68. 
. 
. 
. * get the estimates from the first stage
. 
. foreach var of varlist `pc_ivlist' {
 69. 
. replace first_`m'_b`i'_`var'=_b[`var'] if statefip==`k'
 70. 
. replace first_`m'_resid`i'=first_`m'_resid`i'-first_`m'_b`i'_`var'*`var' if s
> tatefip==`k'
 71. 
. }
 72. 
. }
 73. 
. 
. 
. * recover the x_hat by adding gamma_hat*x2
. 
. gen x_hat`i'_`m'=0
 74. 
. foreach var of varlist `pc_ivlist' {
 75. 
. replace x_hat`i'_`m'= x_hat`i'_`m' + first_`m'_b`i'_`var'*`var'
 76. 
. }
 77. 
. 
. 
. foreach exog of varlist `covars' `covars_miss' tm1-tm359 dat {
 78. 
. replace x_hat`i'_`m' = x_hat`i'_`m' + x_tilde`i'_`m'_b_`exog'*`exog'
 79. 
. }
 80. 
. 
. 
. *f-stats
. 
. 
. 
. statsby temp_first_fstat_`m'_`i'=e(F), by(statefip) saving(statsby`i'_`m'_s`s
> eed'_t5b, replace): reg x_tilde`i'_`m' `pc_ivlist'
 81. 
. 
. 
. sort statefip
 82. 
. merge m:1 statefip using statsby`i'_`m'_s`seed'_t5b
 83. 
. capture egen pickone`i'_`m' = tag(statefip)
 84. 
. drop _merge 
 85. 
. 
. 
. hotelling temp_first_fstat_`m'_`i' if pickone`i'_1==1
 86. 
. 
. 
. gen first_fstat_`m'_`i'=r(T2)
 87. 
. 
. 
. 
. 
. *standard errors
. 
. foreach var of varlist `pc_ivlist' {
 88. 
. egen first_`m'_reg`i'_`var' = mean(first_`m'_b`i'_`var')
 89. 
. gen first_`m'_dhat`i'_`var'=first_`m'_b`i'_`var'-first_`m'_reg`i'_`var'
 90. 
. gen first_`m'_sum_errors`i'_`var'=.
 91. 
. }
 92. 
. 
. 
. sum statefip
 93. 
. levelsof statefip, local(levels) 
 94. 
. foreach k of local levels {
 95. 
. mkmat `pc_ivlist' if statefip==`k' `options', matrix(Z) 
 96. 
. mkmat first_`m'_resid`i' if statefip==`k' `options', matrix(e)
 97. 
. matrix zz=Z'*Z
 98. 
. matrix ze=Z'*e
 99. 
. matrix sum_comp=invsym(zz)*ze
100. 
. local j=1
101. 
. foreach var of varlist `pc_ivlist' {
102. 
. local d`j'=sum_comp[`j',1]
103. 
. replace first_`m'_sum_errors`i'_`var'=`d`j'' if statefip==`k'
104. 
. local j `++j'
105. 
. }
106. 
. }
107. 
. foreach var of varlist `pc_ivlist' {
108. 
. egen first_`m'_var`i'_dhat_`var'=sd(first_`m'_dhat`i'_`var') if pickone`i'_1=
> =1
109. 
. egen first_`m'_var`i'_`var'=sd(first_`m'_sum_errors`i'_`var') if pickone`i'_1
> ==1
110. 
. gen first_`m'_se`i'_`var'=sqrt((first_`m'_var`i'_dhat_`var'^2+first_`m'_var`i
> '_`var'^2)/51)
111. 
. gen first_`m'_t`i'_`var'=first_`m'_reg`i'_`var'/first_`m'_se`i'_`var'
112. 
. }
113. 
. local m `++m'
114. 
. }
115. 
. 
. 
. *** second stage ***
. 
. 
. 
. foreach var of varlist `pc_endoglist' {
116. 
. gen b`i'_`var'=.
117. 
. }
118. 
. gen b`i'_cons=.
119. 
. 
. 
. gen yhat`i'=.
120. 
. 
. 
. * first obtain the residuals by regressing y and x2 on x1_hat per cluster
. 
. sum statefip
121. 
. levelsof statefip, local(levels) 
122. 
. foreach k of local levels {
123. 
. reg logvolume x_hat`i'_* if statefip==`k'
124. 
. predict yhat`i'_`k', resid
125. 
. replace yhat`i' = yhat`i'_`k' if statefip==`k'
126. 
. }
127. 
. 
. 
. drop yhat`i'_*
128. 
. 
. 
. foreach exog of varlist `covars' `covars_miss' tm1-tm359 dat {
129. 
. 
. 
. gen `exog'_2hat`i'=.
130. 
. 
. 
. sum statefip
131. 
. levelsof statefip, local(levels) 
132. 
. foreach k of local levels {
133. 
. reg `exog' x_hat`i'_* if statefip==`k'
134. 
. predict `exog'_2hat`i'_`k', resid
135. 
. replace `exog'_2hat`i' = `exog'_2hat`i'_`k' if statefip==`k'
136. 
. }
137. 
. 
. 
. drop `exog'_2hat`i'_*
138. 
. 
. 
. }
139. 
. 
. 
. * regress residualized y on residualized x2. Then, obtain y_breve = y - delta
> _hat*x2
. 
. 
. 
. reg yhat`i' *_2hat`i'
140. 
. foreach exog of varlist `covars' `covars_miss' tm1-tm359 dat {
141. 
. gen y_breve`i'_b_`exog'=_b[`exog'_2hat`i']
142. 
. }
143. 
. 
. 
. gen y_breve`i' = logvolume
144. 
. foreach exog of varlist `covars' `covars_miss' tm1-tm359 dat {
145. 
. replace y_breve`i'= y_breve`i' - (y_breve`i'_b_`exog'*`exog')
146. 
. }
147. 
. 
. 
. * reg y_breve on x1_hat per cluster
. 
. 
. 
. gen resid`i'= y_breve`i'
148. 
. 
. 
. sum statefip
149. 
. levelsof statefip, local(levels) 
150. 
. foreach k of local levels {
151. 
.  
. 
. reg y_breve`i' x_hat`i'_* if statefip==`k'
152. 
. local m=1
153. 
. foreach var of varlist `pc_endoglist' {
154. 
. replace b`i'_`var'=_b[x_hat`i'_`m'] if statefip==`k'
155. 
. replace resid`i'=resid`i'-b`i'_`var'*`var' if statefip==`k'
156. 
. local m `++m'
157. 
. }
158. 
. }
159. 
. 
. 
. * my pieces 
. 
. rename b1_logprice elast 
160. 
. keep statefip state_fips obsid elast border_pop_share freq_border_pop_share a
> vg_border_pop_share med_border_pop_share licensed_drivers 
161. 
. duplicates drop statefip, force
162. 
. 
. 
. *local predictors = "border_pop_share freq_border_pop_share avg_border_pop_sh
> are med_border_pop_share"
. 
. 
. 
. * regressions 
. 
. reg elast border_pop_share [aweight=licensed_drivers], robust 
163. 
. return scalar b_border_pop_share = _b[border_pop_share]
164. 
. 
. 
. reg elast freq_border_pop_share [aweight=licensed_drivers], robust 
165. 
. return scalar b_freq_border_pop_share = _b[freq_border_pop_share]
166. 
. 
. 
. reg elast avg_border_pop_share [aweight=licensed_drivers], robust 
167. 
. return scalar b_avg_border_pop_share = _b[avg_border_pop_share]
168. 
. 
. 
. reg elast med_border_pop_share [aweight=licensed_drivers], robust 
169. 
. return scalar b_med_border_pop_share = _b[med_border_pop_share]
170. 
. 
. 
. restore 
171. 
. 
. 
. end

. 
. 
. 
. ****Check program

. 
. bootstrap b_border_pop_share=r(b_border_pop_share) b_freq_border_pop_share=r(
> b_freq_border_pop_share) b_avg_border_pop_share=r(b_avg_border_pop_share) b_m
> ed_border_pop_share=r(b_med_border_pop_share), reps(`bootnum') seed(`seed') c
> luster(statefip) idcluster(state_fips) saving("2000_data/ch3_boot_s`seed'_t5b
> .dta", every(10) replace): ch3_boot
(running ch3_boot on estimation sample)

warning: Because ch3_boot is not an estimation command or does not set
         e(sample), bootstrap has no way to determine which observations are
         used in calculating the statistics and so assumes that all
         observations are used. This means that no observations will be
         excluded from the resampling because of missing values or other
         reasons.

         If the assumption is not true, press Break, save the data, and drop
         the observations that are to be excluded. Be sure that the dataset
         in memory contains only the relevant data.
(note: file 2000_data/ch3_boot_s3489_t5b.dta not found)

Bootstrap replications (500)
----+--- 1 ---+--- 2 ---+--- 3 ---+--- 4 ---+--- 5 
..................................................    50
..................................................   100
..